parsed 470 bytes into 45 nodes
{
  "name": "goose samples",
  "version": 4,
  "stable": false,
  "ratio": 0.75,
  "tags": [
    "fast",
    "safe",
    "flat"
  ],
  "nested": {
    "depth": 2,
    "empty": {},
    "list": [
      1,
      2.5,
      -300,
      true,
      null,
      "x\ty",
      []
    ],
    "quote": "she said \"hi\"\nand left"
  },
  "matrix": [
    [
      1,
      0,
      0
    ],
    [
      0,
      1,
      0
    ],
    [
      0,
      0,
      1
    ]
  ],
  "unicode": "café ✓",
  "authors": [
    {
      "name": "ada",
      "born": 1815
    },
    {
      "name": "grace",
      "born": 1906
    },
    {
      "name": "linus",
      "born": 1969
    }
  ]
}
compact: 356 bytes
{"name":"goose samples","version":4,"stable":false,"ratio":0.75,"tags":["fast","safe","flat"],"nested":{"depth":2,"empty":{},"list":[1,2.5,-300,true,null,"x\ty",[]],"quote":"she said \"hi\"\nand left"},"matrix":[[1,0,0],[0,1,0],[0,0,1]],"unicode":"café ✓","authors":[{"name":"ada","born":1815},{"name":"grace","born":1906},{"name":"linus","born":1969}]}
name = "goose samples"
nested.depth = 2
nested.list[2] = -300
author 0: "ada" born 1815
author 1: "grace" born 1906
author 2: "linus" born 1969
'[1, 2' -> unclosed container at byte 5
'{"a" 1}' -> expected ':' at byte 5
'[tru]' -> unexpected token at byte 1
'"abc' -> unterminated string at byte 4
'{"k": [1, 2,]}' -> bad number at byte 12
'1 2' -> trailing input at byte 2
