generation 0, population 8
.#..........
..#.........
###.........
............
............
........###.
............
............

generation 1, population 8
............
#.#.........
.##.........
.#..........
.........#..
.........#..
.........#..
............

generation 2, population 8
............
..#.........
#.#.........
.##.........
............
........###.
............
............

generation 3, population 8
............
.#..........
..##........
.##.........
.........#..
.........#..
.........#..
............

generation 4, population 8
............
..#.........
...#........
.###........
............
........###.
............
............

generation 5, population 8
............
............
.#.#........
..##........
..#......#..
.........#..
.........#..
............

soup: 515 cells alive at start
soup: 168 cells alive after 200 generations
#...#.........................................................#.
#..#.##..........................................##.....#....#..
.#..#...#........................................##.....#.......
#...##..#...............................................#.....#.
........##......................................................
......#####.....................................................
.......###......................................................
........#...........###..##......................#..............
........................#..#....................#.#.....##......
.........................##......................##.....##..###.
............................................................###.
................................................................
................................................................
................................................................
................................................................
................................................................
...........................#.......##...........................
..........................#.#..####..#..........................
..........................#.....#.#..#..........................
...........................#...###.##........#..................
.......#....................#...............#.#........#........
.....###...................#.##..............#.........#........
...##...#.....................#.......###..............#........
.#..#.##.#.................#.#........##........................
.#.##...#.##...........................##.......................
..#..###.#..............................#.##.##................#
.#.##.#.##..........................#..........#...............#
.#..#..#.....##.....................#.....##....#..............#
.##.##.......##.....................#........###................
..#.......................................................##....
..#..#....................................................##....
..##..#........................................................#

