----------------************                                 *****************
---------------*********                      -----* ***----     *************
--------------*******                      ------** *   **-----     **********
-------------******                     --------*** --- ** ------     ********
------------*****                     --------**** -*-** - **------      *****
-----------****                    ----------***   -  @* -- ***-----      ****
----------***                    ----------**   -*-*@@@@*--- *****---       **
---------***                   ---------**    --* *-@@@@@*-*-     **--       *
---------**                  -------**** -* *  - -*-*@@@  --- *--- * --       
--------**                 -----******  - -*@**-@@@@@@@@@@@@-- ** *- *--      
--------*                ---********   -*   @@@@@@@@@@@@@@@@@@@ @@*- **--     
-------*             ---* ********   -- *--@@@@@@@@@@@@@@@@@@@@@@ **- *--     
-------         -----**  ------------***-*@@@@@@@@@@@@@@@@@@@@@@@@ * -**--    
------*     -------***   *    --  **  **@@@@@@@@@@@@@@@@@@@@@@@@@@@@** *--    
------   --------***** -* - @* @**  *** @@@@@@@@@@@@@@@@@@@@@@@@@@@@-- *---   
------ --------******---   *@@@@@@@@- -@@@@@@@@@@@@@@@@@@@@@@@@@@@@*--**---   
--------------**   -** - *@@@@@@@@@@@- @@@@@@@@@@@@@@@@@@@@@@@@@@@@   **---   
-------**** -   ---  - *-@@@@@@@@@@@@@@@@@@@@@@@@@@@@@@@@@@@@@@@@@-*  **---   
------@@@@@@@@@@@@@@@@@@@@@@@@@@@@@@@@@@@@@@@@@@@@@@@@@@@@@@@@@@   - ***---   
-------**** -   ---  - *-@@@@@@@@@@@@@@@@@@@@@@@@@@@@@@@@@@@@@@@@@-*  **---   
--------------**   -** - *@@@@@@@@@@@- @@@@@@@@@@@@@@@@@@@@@@@@@@@@   **---   
------ --------******---   *@@@@@@@@- -@@@@@@@@@@@@@@@@@@@@@@@@@@@@*--**---   
------   --------***** -* - @* @**  *** @@@@@@@@@@@@@@@@@@@@@@@@@@@@-- *---   
------*     -------***   *    --  **  **@@@@@@@@@@@@@@@@@@@@@@@@@@@@** *--    
-------         -----**  ------------***-*@@@@@@@@@@@@@@@@@@@@@@@@ * -**--    
-------*             ---* ********   -- *--@@@@@@@@@@@@@@@@@@@@@@ **- *--     
--------*                ---********   -*   @@@@@@@@@@@@@@@@@@@ @@*- **--     
--------**                 -----******  - -*@**-@@@@@@@@@@@@-- ** *- *--      
---------**                  -------**** -* *  - -*-*@@@  --- *--- * --       
---------***                   ---------**    --* *-@@@@@*-*-     **--       *
----------***                    ----------**   -*-*@@@@*--- *****---       **
-----------****                    ----------***   -  @* -- ***-----      ****
------------*****                     --------**** -*-** - **------      *****
-------------******                     --------*** --- ** ------     ********
--------------*******                      ------** *   **-----     **********
---------------*********                      -----* ***----     *************
rows match the serial render: true
