20x12 maze, start at 1,1 goal at 18,10
BFS: 26 steps, cost 36 with water at 3
####################
#S.....#...........#
#*####.#.#########.#
#*#....#.#.......#.#
#*#.####.#.#####.#.#
#*#....~~~~~.....#.#
#*####.~~~~~.#####.#
#******ooooo*******#
#.#####.####.#####*#
#.................*#
#.#########.####.#E#
####################
Dijkstra: cost 26
####################
#S.....#...........#
#*####.#.#########.#
#*#....#.#.......#.#
#*#.####.#.#####.#.#
#*#....~~~~~.....#.#
#*####.~~~~~.#####.#
#*.....~~~~~.......#
#*#####.####.#####.#
#******************#
#.#########.####.#E#
####################
