wrote raytrace.ppm: true (192015 bytes)
********************************************************************************
********************************************************************************
********************************************************************************
********************************************************************************
********************************************************************************
********************************************************************************
********************************************************************************
********************************************************************************
********************************************************************************
********************************************************************************
********************************************************************************
**************************************====********##****************************
***********************************-=====+++++******#***************************
..-..-..-..-..-..-..-..-..--=++=-.---=========--******..-..-..-..-..-..-..-..-..
=..==..==..==..=.=..==..==-=++++=+.---=======:-:+*-**-+::++::++::++::+++:===:.==
.::===::::+++:::++++:::++.::----.+ :..:=::::=:.==+::+*:::****:::****:::****:::*+
++:::::+++++:::::++++:::..:  . ......-..-..:-.++++.::::****:::::*****:::::****::
::::++++++::::::******::::..++++:-.....:...-.---:.:.:######::::::######::::::###
:::********:::::::*******+.....:.*******... .:---**####::::::::#######:::::::###
:::::*********:::::::::*********:::..:::*::: .::::::::::::#########::::::::#####
**********::::::::::**********::::...:..****:::*##:::::::::::##########:::::::::
******::::::::::::***********::::::::.::*********###:::::::::::############:::::
::*************:::::::::::::######******::::....:::::#############:::::::::::::#
************::::::::::::::#########*****::::::::::::::###############:::::::::::
**********:::::::::::::::############***::::::::::::::::###############:::::::::
